// Jest Snapshot v1, https://goo.gl/fbAQLP

exports[`ProgressBar should match the snapshot 1`] = `
<View
  style={
    Array [
      Object {
        "alignSelf": "center",
        "backgroundColor": "#F2F3F4",
        "borderColor": "#000000",
        "borderRadius": 10,
        "height": 9,
        "width": "100%",
      },
      undefined,
    ]
  }
>
  <View
    collapsable={false}
    style={
      Object {
        "backgroundColor": "#3D3397",
        "borderRadius": 10,
        "bottom": 0,
        "left": 0,
        "position": "absolute",
        "right": 0,
        "top": 0,
        "width": "0%",
      }
    }
  />
</View>
`;
